Archive member included because of file (symbol)

c:/winavr-20100110/bin/../lib/gcc/avr/4.3.3/avr5\libgcc.a(_udivmodqi4.o)
                              ./Services/Update_Temp/src/Update_Temp.o (__udivmodqi4)
c:/winavr-20100110/bin/../lib/gcc/avr/4.3.3/avr5\libgcc.a(_exit.o)
                              c:/winavr-20100110/bin/../lib/gcc/avr/4.3.3/../../../../avr/lib/avr5/crtm32.o (exit)
c:/winavr-20100110/bin/../lib/gcc/avr/4.3.3/avr5\libgcc.a(_copy_data.o)
                              ./Services/Restore_Temp/src/Restore_Temp.o (__do_copy_data)
c:/winavr-20100110/bin/../lib/gcc/avr/4.3.3/avr5\libgcc.a(_clear_bss.o)
                              ./Services/Update_Temp/src/Update_Temp.o (__do_clear_bss)

Allocating common symbols
Common symbol       size              file

Blink_Status        0x1               ./Services/Update_Temp/src/Update_Temp.o
Des_Temp            0x1               ./Services/Restore_Temp/src/Restore_Temp.o
Curr_Temp           0x1               ./Services/Update_Temp/src/Update_Temp.o
ButtonEnable        0x1               ./Services/Debounce_Handler/src/Debounce_Handler.o
Mode                0x1               ./Services/Mode_Handler/src/Mode_Handler.o
Update_Temp_En      0x1               ./Services/Update_Temp/src/Update_Temp.o

Memory Configuration

Name             Origin             Length             Attributes
text             0x00000000         0x00020000         xr
data             0x00800060         0x0000ffa0         rw !x
eeprom           0x00810000         0x00010000         rw !x
fuse             0x00820000         0x00000400         rw !x
lock             0x00830000         0x00000400         rw !x
signature        0x00840000         0x00000400         rw !x
*default*        0x00000000         0xffffffff

Linker script and memory map

LOAD c:/winavr-20100110/bin/../lib/gcc/avr/4.3.3/../../../../avr/lib/avr5/crtm32.o
LOAD ./Services/Update_Temp/src/Update_Temp.o
LOAD ./Services/Store_Temp/src/Store_Temp.o
LOAD ./Services/Restore_Temp/src/Restore_Temp.o
LOAD ./Services/Mode_Handler/src/Mode_Handler.o
LOAD ./Services/Debounce_Handler/src/Debounce_Handler.o
LOAD ./MCAL/GNRL_ISR_Module/Src/GNRL_ISR.o
LOAD ./MCAL/EXTRN_ISR_Module/Src/EXTRN_ISR.o
LOAD ./MCAL/DIO_Module/Src/Dio.o
LOAD ./HAL/SSD_Module/Src/SSD.o
LOAD ./HAL/LED_Module/Src/LED.o
LOAD ./HAL/Heater_Module/src/Heater.o
LOAD ./HAL/Cooler_Module/src/Cooler.o
LOAD ./HAL/Button_Module/Src/Button.o
LOAD ./Apps/main.o
LOAD c:/winavr-20100110/bin/../lib/gcc/avr/4.3.3/avr5\libgcc.a
LOAD c:/winavr-20100110/bin/../lib/gcc/avr/4.3.3/../../../../avr/lib/avr5\libc.a
LOAD c:/winavr-20100110/bin/../lib/gcc/avr/4.3.3/avr5\libgcc.a

.hash
 *(.hash)

.dynsym
 *(.dynsym)

.dynstr
 *(.dynstr)

.gnu.version
 *(.gnu.version)

.gnu.version_d
 *(.gnu.version_d)

.gnu.version_r
 *(.gnu.version_r)

.rel.init
 *(.rel.init)

.rela.init
 *(.rela.init)

.rel.text
 *(.rel.text)
 *(.rel.text.*)
 *(.rel.gnu.linkonce.t*)

.rela.text
 *(.rela.text)
 *(.rela.text.*)
 *(.rela.gnu.linkonce.t*)

.rel.fini
 *(.rel.fini)

.rela.fini
 *(.rela.fini)

.rel.rodata
 *(.rel.rodata)
 *(.rel.rodata.*)
 *(.rel.gnu.linkonce.r*)

.rela.rodata
 *(.rela.rodata)
 *(.rela.rodata.*)
 *(.rela.gnu.linkonce.r*)

.rel.data
 *(.rel.data)
 *(.rel.data.*)
 *(.rel.gnu.linkonce.d*)

.rela.data
 *(.rela.data)
 *(.rela.data.*)
 *(.rela.gnu.linkonce.d*)

.rel.ctors
 *(.rel.ctors)

.rela.ctors
 *(.rela.ctors)

.rel.dtors
 *(.rel.dtors)

.rela.dtors
 *(.rela.dtors)

.rel.got
 *(.rel.got)

.rela.got
 *(.rela.got)

.rel.bss
 *(.rel.bss)

.rela.bss
 *(.rela.bss)

.rel.plt
 *(.rel.plt)

.rela.plt
 *(.rela.plt)

.text           0x00000000      0xfa4
 *(.vectors)
 .vectors       0x00000000       0x54 c:/winavr-20100110/bin/../lib/gcc/avr/4.3.3/../../../../avr/lib/avr5/crtm32.o
                0x00000000                __vectors
                0x00000000                __vector_default
 *(.vectors)
 *(.progmem.gcc*)
 *(.progmem*)
                0x00000054                . = ALIGN (0x2)
                0x00000054                __trampolines_start = .
 *(.trampolines)
 .trampolines   0x00000054        0x0 linker stubs
 *(.trampolines*)
                0x00000054                __trampolines_end = .
 *(.jumptables)
 *(.jumptables*)
 *(.lowtext)
 *(.lowtext*)
                0x00000054                __ctors_start = .
 *(.ctors)
                0x00000054                __ctors_end = .
                0x00000054                __dtors_start = .
 *(.dtors)
                0x00000054                __dtors_end = .
 SORT(*)(.ctors)
 SORT(*)(.dtors)
 *(.init0)
 .init0         0x00000054        0x0 c:/winavr-20100110/bin/../lib/gcc/avr/4.3.3/../../../../avr/lib/avr5/crtm32.o
                0x00000054                __init
 *(.init0)
 *(.init1)
 *(.init1)
 *(.init2)
 .init2         0x00000054        0xc c:/winavr-20100110/bin/../lib/gcc/avr/4.3.3/../../../../avr/lib/avr5/crtm32.o
 *(.init2)
 *(.init3)
 *(.init3)
 *(.init4)
 .init4         0x00000060       0x16 c:/winavr-20100110/bin/../lib/gcc/avr/4.3.3/avr5\libgcc.a(_copy_data.o)
                0x00000060                __do_copy_data
 .init4         0x00000076       0x10 c:/winavr-20100110/bin/../lib/gcc/avr/4.3.3/avr5\libgcc.a(_clear_bss.o)
                0x00000076                __do_clear_bss
 *(.init4)
 *(.init5)
 *(.init5)
 *(.init6)
 *(.init6)
 *(.init7)
 *(.init7)
 *(.init8)
 *(.init8)
 *(.init9)
 .init9         0x00000086        0x8 c:/winavr-20100110/bin/../lib/gcc/avr/4.3.3/../../../../avr/lib/avr5/crtm32.o
 *(.init9)
 *(.text)
 .text          0x0000008e        0x4 c:/winavr-20100110/bin/../lib/gcc/avr/4.3.3/../../../../avr/lib/avr5/crtm32.o
                0x0000008e                __vector_1
                0x0000008e                __vector_12
                0x0000008e                __bad_interrupt
                0x0000008e                __vector_6
                0x0000008e                __vector_3
                0x0000008e                __vector_13
                0x0000008e                __vector_17
                0x0000008e                __vector_19
                0x0000008e                __vector_7
                0x0000008e                __vector_4
                0x0000008e                __vector_2
                0x0000008e                __vector_15
                0x0000008e                __vector_8
                0x0000008e                __vector_14
                0x0000008e                __vector_10
                0x0000008e                __vector_16
                0x0000008e                __vector_18
                0x0000008e                __vector_20
 .text          0x00000092        0x0 ./Services/Update_Temp/src/Update_Temp.o
 .text          0x00000092        0x0 ./Services/Store_Temp/src/Store_Temp.o
 .text          0x00000092        0x0 ./Services/Restore_Temp/src/Restore_Temp.o
 .text          0x00000092        0x0 ./Services/Mode_Handler/src/Mode_Handler.o
 .text          0x00000092        0x0 ./Services/Debounce_Handler/src/Debounce_Handler.o
 .text          0x00000092        0x0 ./MCAL/GNRL_ISR_Module/Src/GNRL_ISR.o
 .text          0x00000092        0x0 ./MCAL/EXTRN_ISR_Module/Src/EXTRN_ISR.o
 .text          0x00000092        0x0 ./MCAL/DIO_Module/Src/Dio.o
 .text          0x00000092        0x0 ./HAL/SSD_Module/Src/SSD.o
 .text          0x00000092        0x0 ./HAL/LED_Module/Src/LED.o
 .text          0x00000092        0x0 ./HAL/Heater_Module/src/Heater.o
 .text          0x00000092        0x0 ./HAL/Cooler_Module/src/Cooler.o
 .text          0x00000092        0x0 ./HAL/Button_Module/Src/Button.o
 .text          0x00000092        0x0 ./Apps/main.o
 .text          0x00000092        0x0 c:/winavr-20100110/bin/../lib/gcc/avr/4.3.3/avr5\libgcc.a(_udivmodqi4.o)
 .text          0x00000092        0x0 c:/winavr-20100110/bin/../lib/gcc/avr/4.3.3/avr5\libgcc.a(_exit.o)
 .text          0x00000092        0x0 c:/winavr-20100110/bin/../lib/gcc/avr/4.3.3/avr5\libgcc.a(_copy_data.o)
 .text          0x00000092        0x0 c:/winavr-20100110/bin/../lib/gcc/avr/4.3.3/avr5\libgcc.a(_clear_bss.o)
                0x00000092                . = ALIGN (0x2)
 *(.text.*)
 .text.__vector_5
                0x00000092       0x42 ./Services/Update_Temp/src/Update_Temp.o
                0x00000092                __vector_5
 .text.Calc_Average
                0x000000d4       0x54 ./Services/Update_Temp/src/Update_Temp.o
 .text.Update_Temp
                0x00000128       0x92 ./Services/Update_Temp/src/Update_Temp.o
                0x00000128                Update_Temp
 .text.Store_Temp
                0x000001ba        0xe ./Services/Store_Temp/src/Store_Temp.o
                0x000001ba                Store_Temp
 .text.Restore_Temp
                0x000001c8       0x34 ./Services/Restore_Temp/src/Restore_Temp.o
                0x000001c8                Restore_Temp
 .text.__vector_9
                0x000001fc       0x2a ./Services/Mode_Handler/src/Mode_Handler.o
                0x000001fc                __vector_9
 .text.Mode_Handler
                0x00000226        0xe ./Services/Mode_Handler/src/Mode_Handler.o
                0x00000226                Mode_Handler
 .text.__vector_11
                0x00000234       0x2a ./Services/Debounce_Handler/src/Debounce_Handler.o
                0x00000234                __vector_11
 .text.Debounce_Handler
                0x0000025e       0x12 ./Services/Debounce_Handler/src/Debounce_Handler.o
                0x0000025e                Debounce_Handler
 .text.GNRL_ISR_Enable_Global_ISR
                0x00000270       0x1c ./MCAL/GNRL_ISR_Module/Src/GNRL_ISR.o
                0x00000270                GNRL_ISR_Enable_Global_ISR
 .text.GNRL_ISR_Disable_Global_ISR
                0x0000028c       0x1c ./MCAL/GNRL_ISR_Module/Src/GNRL_ISR.o
                0x0000028c                GNRL_ISR_Disable_Global_ISR
 .text.DIO_SET_PIN
                0x000002a8       0xfa ./MCAL/DIO_Module/Src/Dio.o
                0x000002a8                DIO_SET_PIN
 .text.DIO_CLEAR_PIN
                0x000003a2      0x104 ./MCAL/DIO_Module/Src/Dio.o
                0x000003a2                DIO_CLEAR_PIN
 .text.DIO_TOGGLE_PIN
                0x000004a6       0xfa ./MCAL/DIO_Module/Src/Dio.o
                0x000004a6                DIO_TOGGLE_PIN
 .text.DIO_ENABLE_PULLUP
                0x000005a0      0x19e ./MCAL/DIO_Module/Src/Dio.o
                0x000005a0                DIO_ENABLE_PULLUP
 .text.DIO_DISABLE_PULLUP
                0x0000073e      0x1a6 ./MCAL/DIO_Module/Src/Dio.o
                0x0000073e                DIO_DISABLE_PULLUP
 .text.DIO_READ_LEVEL
                0x000008e4       0xfe ./MCAL/DIO_Module/Src/Dio.o
                0x000008e4                DIO_READ_LEVEL
 .text.DIO_WRITE_STATUS
                0x000009e2      0x1c6 ./MCAL/DIO_Module/Src/Dio.o
                0x000009e2                DIO_WRITE_STATUS
 .text.LED_Init
                0x00000ba8       0x18 ./HAL/LED_Module/Src/LED.o
                0x00000ba8                LED_Init
 .text.LED_ON   0x00000bc0       0x16 ./HAL/LED_Module/Src/LED.o
                0x00000bc0                LED_ON
 .text.LED_OFF  0x00000bd6       0x16 ./HAL/LED_Module/Src/LED.o
                0x00000bd6                LED_OFF
 .text.LED_TOGGLE
                0x00000bec       0x16 ./HAL/LED_Module/Src/LED.o
                0x00000bec                LED_TOGGLE
 .text.Heater_Init
                0x00000c02       0x18 ./HAL/Heater_Module/src/Heater.o
                0x00000c02                Heater_Init
 .text.Heater_ON
                0x00000c1a       0x42 ./HAL/Heater_Module/src/Heater.o
                0x00000c1a                Heater_ON
 .text.Heater_OFF
                0x00000c5c       0x1a ./HAL/Heater_Module/src/Heater.o
                0x00000c5c                Heater_OFF
 .text.Cooler_Init
                0x00000c76       0x18 ./HAL/Cooler_Module/src/Cooler.o
                0x00000c76                Cooler_Init
 .text.Cooler_ON
                0x00000c8e       0x1a ./HAL/Cooler_Module/src/Cooler.o
                0x00000c8e                Cooler_ON
 .text.Cooler_OFF
                0x00000ca8       0x1a ./HAL/Cooler_Module/src/Cooler.o
                0x00000ca8                Cooler_OFF
 .text.Button_Init
                0x00000cc2       0x62 ./HAL/Button_Module/Src/Button.o
                0x00000cc2                Button_Init
 .text.Button_READ
                0x00000d24       0x66 ./HAL/Button_Module/Src/Button.o
                0x00000d24                Button_READ
 .text.Button_Pullup_Enable
                0x00000d8a       0x5c ./HAL/Button_Module/Src/Button.o
                0x00000d8a                Button_Pullup_Enable
 .text.Button_Pullup_Disable
                0x00000de6       0x5c ./HAL/Button_Module/Src/Button.o
                0x00000de6                Button_Pullup_Disable
 .text.main     0x00000e42      0x146 ./Apps/main.o
                0x00000e42                main
 .text.libgcc   0x00000f88       0x18 c:/winavr-20100110/bin/../lib/gcc/avr/4.3.3/avr5\libgcc.a(_udivmodqi4.o)
                0x00000f88                __udivmodqi4
 .text.libgcc   0x00000fa0        0x0 c:/winavr-20100110/bin/../lib/gcc/avr/4.3.3/avr5\libgcc.a(_exit.o)
 .text.libgcc   0x00000fa0        0x0 c:/winavr-20100110/bin/../lib/gcc/avr/4.3.3/avr5\libgcc.a(_copy_data.o)
 .text.libgcc   0x00000fa0        0x0 c:/winavr-20100110/bin/../lib/gcc/avr/4.3.3/avr5\libgcc.a(_clear_bss.o)
                0x00000fa0                . = ALIGN (0x2)
 *(.fini9)
 .fini9         0x00000fa0        0x0 c:/winavr-20100110/bin/../lib/gcc/avr/4.3.3/avr5\libgcc.a(_exit.o)
                0x00000fa0                exit
                0x00000fa0                _exit
 *(.fini9)
 *(.fini8)
 *(.fini8)
 *(.fini7)
 *(.fini7)
 *(.fini6)
 *(.fini6)
 *(.fini5)
 *(.fini5)
 *(.fini4)
 *(.fini4)
 *(.fini3)
 *(.fini3)
 *(.fini2)
 *(.fini2)
 *(.fini1)
 *(.fini1)
 *(.fini0)
 .fini0         0x00000fa0        0x4 c:/winavr-20100110/bin/../lib/gcc/avr/4.3.3/avr5\libgcc.a(_exit.o)
 *(.fini0)
                0x00000fa4                _etext = .

.data           0x00800060        0x2 load address 0x00000fa4
                0x00800060                PROVIDE (__data_start, .)
 *(.data)
 .data          0x00800060        0x0 c:/winavr-20100110/bin/../lib/gcc/avr/4.3.3/../../../../avr/lib/avr5/crtm32.o
 .data          0x00800060        0x0 ./Services/Update_Temp/src/Update_Temp.o
 .data          0x00800060        0x0 ./Services/Store_Temp/src/Store_Temp.o
 .data          0x00800060        0x0 ./Services/Restore_Temp/src/Restore_Temp.o
 .data          0x00800060        0x0 ./Services/Mode_Handler/src/Mode_Handler.o
 .data          0x00800060        0x0 ./Services/Debounce_Handler/src/Debounce_Handler.o
 .data          0x00800060        0x0 ./MCAL/GNRL_ISR_Module/Src/GNRL_ISR.o
 .data          0x00800060        0x0 ./MCAL/EXTRN_ISR_Module/Src/EXTRN_ISR.o
 .data          0x00800060        0x0 ./MCAL/DIO_Module/Src/Dio.o
 .data          0x00800060        0x0 ./HAL/SSD_Module/Src/SSD.o
 .data          0x00800060        0x0 ./HAL/LED_Module/Src/LED.o
 .data          0x00800060        0x0 ./HAL/Heater_Module/src/Heater.o
 .data          0x00800060        0x0 ./HAL/Cooler_Module/src/Cooler.o
 .data          0x00800060        0x0 ./HAL/Button_Module/Src/Button.o
 .data          0x00800060        0x0 ./Apps/main.o
 .data          0x00800060        0x0 c:/winavr-20100110/bin/../lib/gcc/avr/4.3.3/avr5\libgcc.a(_udivmodqi4.o)
 .data          0x00800060        0x0 c:/winavr-20100110/bin/../lib/gcc/avr/4.3.3/avr5\libgcc.a(_exit.o)
 .data          0x00800060        0x0 c:/winavr-20100110/bin/../lib/gcc/avr/4.3.3/avr5\libgcc.a(_copy_data.o)
 .data          0x00800060        0x0 c:/winavr-20100110/bin/../lib/gcc/avr/4.3.3/avr5\libgcc.a(_clear_bss.o)
 *(.data*)
 .data.CHK      0x00800060        0x1 ./Services/Restore_Temp/src/Restore_Temp.o
 *(.rodata)
 *(.rodata*)
 *(.gnu.linkonce.d*)
                0x00800062                . = ALIGN (0x2)
 *fill*         0x00800061        0x1 00
                0x00800062                _edata = .
                0x00800062                PROVIDE (__data_end, .)

.bss            0x00800062        0xe
                0x00800062                PROVIDE (__bss_start, .)
 *(.bss)
 .bss           0x00800062        0x0 c:/winavr-20100110/bin/../lib/gcc/avr/4.3.3/../../../../avr/lib/avr5/crtm32.o
 .bss           0x00800062        0x0 ./Services/Update_Temp/src/Update_Temp.o
 .bss           0x00800062        0x0 ./Services/Store_Temp/src/Store_Temp.o
 .bss           0x00800062        0x0 ./Services/Restore_Temp/src/Restore_Temp.o
 .bss           0x00800062        0x0 ./Services/Mode_Handler/src/Mode_Handler.o
 .bss           0x00800062        0x0 ./Services/Debounce_Handler/src/Debounce_Handler.o
 .bss           0x00800062        0x0 ./MCAL/GNRL_ISR_Module/Src/GNRL_ISR.o
 .bss           0x00800062        0x0 ./MCAL/EXTRN_ISR_Module/Src/EXTRN_ISR.o
 .bss           0x00800062        0x0 ./MCAL/DIO_Module/Src/Dio.o
 .bss           0x00800062        0x0 ./HAL/SSD_Module/Src/SSD.o
 .bss           0x00800062        0x0 ./HAL/LED_Module/Src/LED.o
 .bss           0x00800062        0x0 ./HAL/Heater_Module/src/Heater.o
 .bss           0x00800062        0x0 ./HAL/Cooler_Module/src/Cooler.o
 .bss           0x00800062        0x0 ./HAL/Button_Module/Src/Button.o
 .bss           0x00800062        0x0 ./Apps/main.o
 .bss           0x00800062        0x0 c:/winavr-20100110/bin/../lib/gcc/avr/4.3.3/avr5\libgcc.a(_udivmodqi4.o)
 .bss           0x00800062        0x0 c:/winavr-20100110/bin/../lib/gcc/avr/4.3.3/avr5\libgcc.a(_exit.o)
 .bss           0x00800062        0x0 c:/winavr-20100110/bin/../lib/gcc/avr/4.3.3/avr5\libgcc.a(_copy_data.o)
 .bss           0x00800062        0x0 c:/winavr-20100110/bin/../lib/gcc/avr/4.3.3/avr5\libgcc.a(_clear_bss.o)
 *(.bss*)
 .bss.Counter   0x00800062        0x1 ./Services/Update_Temp/src/Update_Temp.o
 .bss.Temp_arr  0x00800063        0x5 ./Services/Update_Temp/src/Update_Temp.o
 .bss.Counter   0x00800068        0x2 ./HAL/Heater_Module/src/Heater.o
 *(COMMON)
 COMMON         0x0080006a        0x3 ./Services/Update_Temp/src/Update_Temp.o
                0x0080006a                Blink_Status
                0x0080006b                Curr_Temp
                0x0080006c                Update_Temp_En
 COMMON         0x0080006d        0x1 ./Services/Restore_Temp/src/Restore_Temp.o
                0x0080006d                Des_Temp
 COMMON         0x0080006e        0x1 ./Services/Mode_Handler/src/Mode_Handler.o
                0x0080006e                Mode
 COMMON         0x0080006f        0x1 ./Services/Debounce_Handler/src/Debounce_Handler.o
                0x0080006f                ButtonEnable
                0x00800070                PROVIDE (__bss_end, .)
                0x00000fa4                __data_load_start = LOADADDR (.data)
                0x00000fa6                __data_load_end = (__data_load_start + SIZEOF (.data))

.noinit         0x00800070        0x0
                0x00800070                PROVIDE (__noinit_start, .)
 *(.noinit*)
                0x00800070                PROVIDE (__noinit_end, .)
                0x00800070                _end = .
                0x00800070                PROVIDE (__heap_start, .)

.eeprom         0x00810000        0x0
 *(.eeprom*)
                0x00810000                __eeprom_end = .

.fuse
 *(.fuse)
 *(.lfuse)
 *(.hfuse)
 *(.efuse)

.lock
 *(.lock*)

.signature
 *(.signature*)

.stab           0x00000000     0x219c
 *(.stab)
 .stab          0x00000000      0x5c4 ./Services/Update_Temp/src/Update_Temp.o
 .stab          0x000005c4      0x120 ./Services/Store_Temp/src/Store_Temp.o
                                0x1b0 (size before relaxing)
 .stab          0x000006e4      0x1a4 ./Services/Restore_Temp/src/Restore_Temp.o
                                0x234 (size before relaxing)
 .stab          0x00000888      0x1d4 ./Services/Mode_Handler/src/Mode_Handler.o
                                0x420 (size before relaxing)
 .stab          0x00000a5c      0x1b0 ./Services/Debounce_Handler/src/Debounce_Handler.o
                                0x3fc (size before relaxing)
 .stab          0x00000c0c      0x15c ./MCAL/GNRL_ISR_Module/Src/GNRL_ISR.o
                                0x1ec (size before relaxing)
 .stab          0x00000d68       0xd8 ./MCAL/EXTRN_ISR_Module/Src/EXTRN_ISR.o
                                 0xe4 (size before relaxing)
 .stab          0x00000e40      0x594 ./MCAL/DIO_Module/Src/Dio.o
                                0x624 (size before relaxing)
 .stab          0x000013d4       0xd8 ./HAL/SSD_Module/Src/SSD.o
                                 0xe4 (size before relaxing)
 .stab          0x000014ac      0x1d4 ./HAL/LED_Module/Src/LED.o
                                0x2dc (size before relaxing)
 .stab          0x00001680      0x1ec ./HAL/Heater_Module/src/Heater.o
                                0x2f4 (size before relaxing)
 .stab          0x0000186c      0x1bc ./HAL/Cooler_Module/src/Cooler.o
                                0x2c4 (size before relaxing)
 .stab          0x00001a28      0x30c ./HAL/Button_Module/Src/Button.o
                                0x414 (size before relaxing)
 .stab          0x00001d34      0x468 ./Apps/main.o
                                0x7b0 (size before relaxing)

.stabstr        0x00000000     0x14b8
 *(.stabstr)
 .stabstr       0x00000000     0x14b8 ./Services/Update_Temp/src/Update_Temp.o

.stab.excl
 *(.stab.excl)

.stab.exclstr
 *(.stab.exclstr)

.stab.index
 *(.stab.index)

.stab.indexstr
 *(.stab.indexstr)

.comment
 *(.comment)

.debug
 *(.debug)

.line
 *(.line)

.debug_srcinfo
 *(.debug_srcinfo)

.debug_sfnames
 *(.debug_sfnames)

.debug_aranges
 *(.debug_aranges)

.debug_pubnames
 *(.debug_pubnames)

.debug_info
 *(.debug_info)
 *(.gnu.linkonce.wi.*)

.debug_abbrev
 *(.debug_abbrev)

.debug_line
 *(.debug_line)

.debug_frame
 *(.debug_frame)

.debug_str
 *(.debug_str)

.debug_loc
 *(.debug_loc)

.debug_macinfo
 *(.debug_macinfo)
OUTPUT(Temp_Controlled_Tank.elf elf32-avr)
LOAD linker stubs
