Archive member included because of file (symbol)

c:/winavr-20100110/bin/../lib/gcc/avr/4.3.3/avr5\libgcc.a(_udivmodqi4.o)
                              ./HAL/SSD/Src/SSD.o (__udivmodqi4)
c:/winavr-20100110/bin/../lib/gcc/avr/4.3.3/avr5\libgcc.a(_udivmodhi4.o)
                              ./Services/Update_Temp/src/Update_Temp.o (__udivmodhi4)
c:/winavr-20100110/bin/../lib/gcc/avr/4.3.3/avr5\libgcc.a(_exit.o)
                              c:/winavr-20100110/bin/../lib/gcc/avr/4.3.3/../../../../avr/lib/avr5/crtm32.o (exit)
c:/winavr-20100110/bin/../lib/gcc/avr/4.3.3/avr5\libgcc.a(_clear_bss.o)
                              ./Services/Update_Temp/src/Update_Temp.o (__do_clear_bss)

Allocating common symbols
Common symbol       size              file

Blink_Status        0x1               ./Services/Update_Temp/src/Update_Temp.o
Des_Temp            0x1               ./Services/Store_Temp/src/Store_Temp.o
Curr_Temp           0x1               ./Services/Update_Temp/src/Update_Temp.o
ButtonEnable        0x1               ./Services/Debounce_Handler/src/Debounce_Handler.o
Mode                0x1               ./Services/Mode_Handler/src/Mode_Handler.o
Update_Temp_En      0x1               ./Services/Update_Temp/src/Update_Temp.o

Memory Configuration

Name             Origin             Length             Attributes
text             0x00000000         0x00020000         xr
data             0x00800060         0x0000ffa0         rw !x
eeprom           0x00810000         0x00010000         rw !x
fuse             0x00820000         0x00000400         rw !x
lock             0x00830000         0x00000400         rw !x
signature        0x00840000         0x00000400         rw !x
*default*        0x00000000         0xffffffff

Linker script and memory map

LOAD c:/winavr-20100110/bin/../lib/gcc/avr/4.3.3/../../../../avr/lib/avr5/crtm32.o
LOAD ./Services/Update_Temp/src/Update_Temp.o
LOAD ./Services/Store_Temp/src/Store_Temp.o
LOAD ./Services/Restore_Temp/src/Restore_Temp.o
LOAD ./Services/Mode_Handler/src/Mode_Handler.o
LOAD ./Services/Debounce_Handler/src/Debounce_Handler.o
LOAD ./MCAL/Timer2/Src/Timer2.o
LOAD ./MCAL/Timer1/Src/Timer1.o
LOAD ./MCAL/Timer0/Src/Timer0.o
LOAD ./MCAL/Global_Inerrupt/Src/Glbl_Int.o
LOAD ./MCAL/EXTRN_ISR_Module/Src/EXTRN_ISR.o
LOAD ./MCAL/EEPROM/Src/Eeprom.o
LOAD ./MCAL/DIO_Module/Src/Dio.o
LOAD ./HAL/SSD/Src/SSD.o
LOAD ./HAL/LED_Module/Src/LED.o
LOAD ./HAL/Heater_Module/src/Heater.o
LOAD ./HAL/Cooler_Module/src/Cooler.o
LOAD ./HAL/Button_Module/Src/Button.o
LOAD ./Apps/main.o
LOAD c:/winavr-20100110/bin/../lib/gcc/avr/4.3.3/avr5\libgcc.a
LOAD c:/winavr-20100110/bin/../lib/gcc/avr/4.3.3/../../../../avr/lib/avr5\libc.a
LOAD c:/winavr-20100110/bin/../lib/gcc/avr/4.3.3/avr5\libgcc.a

.hash
 *(.hash)

.dynsym
 *(.dynsym)

.dynstr
 *(.dynstr)

.gnu.version
 *(.gnu.version)

.gnu.version_d
 *(.gnu.version_d)

.gnu.version_r
 *(.gnu.version_r)

.rel.init
 *(.rel.init)

.rela.init
 *(.rela.init)

.rel.text
 *(.rel.text)
 *(.rel.text.*)
 *(.rel.gnu.linkonce.t*)

.rela.text
 *(.rela.text)
 *(.rela.text.*)
 *(.rela.gnu.linkonce.t*)

.rel.fini
 *(.rel.fini)

.rela.fini
 *(.rela.fini)

.rel.rodata
 *(.rel.rodata)
 *(.rel.rodata.*)
 *(.rel.gnu.linkonce.r*)

.rela.rodata
 *(.rela.rodata)
 *(.rela.rodata.*)
 *(.rela.gnu.linkonce.r*)

.rel.data
 *(.rel.data)
 *(.rel.data.*)
 *(.rel.gnu.linkonce.d*)

.rela.data
 *(.rela.data)
 *(.rela.data.*)
 *(.rela.gnu.linkonce.d*)

.rel.ctors
 *(.rel.ctors)

.rela.ctors
 *(.rela.ctors)

.rel.dtors
 *(.rel.dtors)

.rela.dtors
 *(.rela.dtors)

.rel.got
 *(.rel.got)

.rela.got
 *(.rela.got)

.rel.bss
 *(.rel.bss)

.rela.bss
 *(.rela.bss)

.rel.plt
 *(.rel.plt)

.rela.plt
 *(.rela.plt)

.text           0x00000000      0xc64
 *(.vectors)
 .vectors       0x00000000       0x54 c:/winavr-20100110/bin/../lib/gcc/avr/4.3.3/../../../../avr/lib/avr5/crtm32.o
                0x00000000                __vectors
                0x00000000                __vector_default
 *(.vectors)
 *(.progmem.gcc*)
 *(.progmem*)
                0x00000054                . = ALIGN (0x2)
                0x00000054                __trampolines_start = .
 *(.trampolines)
 .trampolines   0x00000054        0x0 linker stubs
 *(.trampolines*)
                0x00000054                __trampolines_end = .
 *(.jumptables)
 *(.jumptables*)
 *(.lowtext)
 *(.lowtext*)
                0x00000054                __ctors_start = .
 *(.ctors)
                0x00000054                __ctors_end = .
                0x00000054                __dtors_start = .
 *(.dtors)
                0x00000054                __dtors_end = .
 SORT(*)(.ctors)
 SORT(*)(.dtors)
 *(.init0)
 .init0         0x00000054        0x0 c:/winavr-20100110/bin/../lib/gcc/avr/4.3.3/../../../../avr/lib/avr5/crtm32.o
                0x00000054                __init
 *(.init0)
 *(.init1)
 *(.init1)
 *(.init2)
 .init2         0x00000054        0xc c:/winavr-20100110/bin/../lib/gcc/avr/4.3.3/../../../../avr/lib/avr5/crtm32.o
 *(.init2)
 *(.init3)
 *(.init3)
 *(.init4)
 .init4         0x00000060       0x10 c:/winavr-20100110/bin/../lib/gcc/avr/4.3.3/avr5\libgcc.a(_clear_bss.o)
                0x00000060                __do_clear_bss
 *(.init4)
 *(.init5)
 *(.init5)
 *(.init6)
 *(.init6)
 *(.init7)
 *(.init7)
 *(.init8)
 *(.init8)
 *(.init9)
 .init9         0x00000070        0x8 c:/winavr-20100110/bin/../lib/gcc/avr/4.3.3/../../../../avr/lib/avr5/crtm32.o
 *(.init9)
 *(.text)
 .text          0x00000078        0x4 c:/winavr-20100110/bin/../lib/gcc/avr/4.3.3/../../../../avr/lib/avr5/crtm32.o
                0x00000078                __vector_1
                0x00000078                __vector_12
                0x00000078                __bad_interrupt
                0x00000078                __vector_6
                0x00000078                __vector_3
                0x00000078                __vector_13
                0x00000078                __vector_17
                0x00000078                __vector_19
                0x00000078                __vector_7
                0x00000078                __vector_4
                0x00000078                __vector_2
                0x00000078                __vector_15
                0x00000078                __vector_8
                0x00000078                __vector_14
                0x00000078                __vector_10
                0x00000078                __vector_16
                0x00000078                __vector_18
                0x00000078                __vector_20
 .text          0x0000007c        0x0 ./Services/Update_Temp/src/Update_Temp.o
 .text          0x0000007c        0x0 ./Services/Store_Temp/src/Store_Temp.o
 .text          0x0000007c        0x0 ./Services/Restore_Temp/src/Restore_Temp.o
 .text          0x0000007c        0x0 ./Services/Mode_Handler/src/Mode_Handler.o
 .text          0x0000007c        0x0 ./Services/Debounce_Handler/src/Debounce_Handler.o
 .text          0x0000007c        0x0 ./MCAL/Timer2/Src/Timer2.o
 .text          0x0000007c        0x0 ./MCAL/Timer1/Src/Timer1.o
 .text          0x0000007c        0x0 ./MCAL/Timer0/Src/Timer0.o
 .text          0x0000007c        0x0 ./MCAL/Global_Inerrupt/Src/Glbl_Int.o
 .text          0x0000007c        0x0 ./MCAL/EXTRN_ISR_Module/Src/EXTRN_ISR.o
 .text          0x0000007c        0x0 ./MCAL/EEPROM/Src/Eeprom.o
 .text          0x0000007c        0x0 ./MCAL/DIO_Module/Src/Dio.o
 .text          0x0000007c        0x0 ./HAL/SSD/Src/SSD.o
 .text          0x0000007c        0x0 ./HAL/LED_Module/Src/LED.o
 .text          0x0000007c        0x0 ./HAL/Heater_Module/src/Heater.o
 .text          0x0000007c        0x0 ./HAL/Cooler_Module/src/Cooler.o
 .text          0x0000007c        0x0 ./HAL/Button_Module/Src/Button.o
 .text          0x0000007c        0x0 ./Apps/main.o
 .text          0x0000007c        0x0 c:/winavr-20100110/bin/../lib/gcc/avr/4.3.3/avr5\libgcc.a(_udivmodqi4.o)
 .text          0x0000007c        0x0 c:/winavr-20100110/bin/../lib/gcc/avr/4.3.3/avr5\libgcc.a(_udivmodhi4.o)
 .text          0x0000007c        0x0 c:/winavr-20100110/bin/../lib/gcc/avr/4.3.3/avr5\libgcc.a(_exit.o)
 .text          0x0000007c        0x0 c:/winavr-20100110/bin/../lib/gcc/avr/4.3.3/avr5\libgcc.a(_clear_bss.o)
                0x0000007c                . = ALIGN (0x2)
 *(.text.*)
 .text.__vector_5
                0x0000007c       0x1e ./Services/Update_Temp/src/Update_Temp.o
                0x0000007c                __vector_5
 .text.Update_Temp
                0x0000009a       0xa8 ./Services/Update_Temp/src/Update_Temp.o
                0x0000009a                Update_Temp
 .text.Store_Temp
                0x00000142        0xe ./Services/Store_Temp/src/Store_Temp.o
                0x00000142                Store_Temp
 .text.Restore_Temp
                0x00000150       0x36 ./Services/Restore_Temp/src/Restore_Temp.o
                0x00000150                Restore_Temp
 .text.Mode_Handler
                0x00000186       0x10 ./Services/Mode_Handler/src/Mode_Handler.o
                0x00000186                Mode_Handler
 .text.__vector_9
                0x00000196       0x50 ./Services/Mode_Handler/src/Mode_Handler.o
                0x00000196                __vector_9
 .text.Debounce_Handler
                0x000001e6       0x10 ./Services/Debounce_Handler/src/Debounce_Handler.o
                0x000001e6                Debounce_Handler
 .text.__vector_11
                0x000001f6       0x6c ./Services/Debounce_Handler/src/Debounce_Handler.o
                0x000001f6                __vector_11
 .text.Timer2_Init
                0x00000262        0xe ./MCAL/Timer2/Src/Timer2.o
                0x00000262                Timer2_Init
 .text.Timer2_Start
                0x00000270       0x62 ./MCAL/Timer2/Src/Timer2.o
                0x00000270                Timer2_Start
 .text.Timer2_Stop
                0x000002d2        0x6 ./MCAL/Timer2/Src/Timer2.o
                0x000002d2                Timer2_Stop
 .text.Timer2_EnableInterrupt
                0x000002d8        0xe ./MCAL/Timer2/Src/Timer2.o
                0x000002d8                Timer2_EnableInterrupt
 .text.Timer2_DisableInterrupt
                0x000002e6        0x8 ./MCAL/Timer2/Src/Timer2.o
                0x000002e6                Timer2_DisableInterrupt
 .text.Timer1_Init
                0x000002ee       0x1a ./MCAL/Timer1/Src/Timer1.o
                0x000002ee                Timer1_Init
 .text.Timer1_Start
                0x00000308       0x64 ./MCAL/Timer1/Src/Timer1.o
                0x00000308                Timer1_Start
 .text.Timer1_Stop
                0x0000036c        0x6 ./MCAL/Timer1/Src/Timer1.o
                0x0000036c                Timer1_Stop
 .text.Timer1_EnableInterrupt
                0x00000372        0xe ./MCAL/Timer1/Src/Timer1.o
                0x00000372                Timer1_EnableInterrupt
 .text.Timer1_DisableInterrupt
                0x00000380        0x8 ./MCAL/Timer1/Src/Timer1.o
                0x00000380                Timer1_DisableInterrupt
 .text.Timer0_Init
                0x00000388        0xe ./MCAL/Timer0/Src/Timer0.o
                0x00000388                Timer0_Init
 .text.Timer0_Start
                0x00000396       0x62 ./MCAL/Timer0/Src/Timer0.o
                0x00000396                Timer0_Start
 .text.Timer0_Stop
                0x000003f8        0x6 ./MCAL/Timer0/Src/Timer0.o
                0x000003f8                Timer0_Stop
 .text.Timer0_EnableInterrupt
                0x000003fe        0xe ./MCAL/Timer0/Src/Timer0.o
                0x000003fe                Timer0_EnableInterrupt
 .text.Timer0_DisableInterrupt
                0x0000040c        0x8 ./MCAL/Timer0/Src/Timer0.o
                0x0000040c                Timer0_DisableInterrupt
 .text.Enable_Gl_Int
                0x00000414        0x8 ./MCAL/Global_Inerrupt/Src/Glbl_Int.o
                0x00000414                Enable_Gl_Int
 .text.Disable_Gl_Int
                0x0000041c        0x8 ./MCAL/Global_Inerrupt/Src/Glbl_Int.o
                0x0000041c                Disable_Gl_Int
 .text.EEPROM_Write
                0x00000424       0x10 ./MCAL/EEPROM/Src/Eeprom.o
                0x00000424                EEPROM_Write
 .text.EEPROM_Read
                0x00000434        0xe ./MCAL/EEPROM/Src/Eeprom.o
                0x00000434                EEPROM_Read
 .text.DIO_SET_PIN
                0x00000442       0x6a ./MCAL/DIO_Module/Src/Dio.o
                0x00000442                DIO_SET_PIN
 .text.DIO_CLEAR_PIN
                0x000004ac       0x72 ./MCAL/DIO_Module/Src/Dio.o
                0x000004ac                DIO_CLEAR_PIN
 .text.DIO_TOGGLE_PIN
                0x0000051e       0x6a ./MCAL/DIO_Module/Src/Dio.o
                0x0000051e                DIO_TOGGLE_PIN
 .text.DIO_ENABLE_PULLUP
                0x00000588       0xbc ./MCAL/DIO_Module/Src/Dio.o
                0x00000588                DIO_ENABLE_PULLUP
 .text.DIO_DISABLE_PULLUP
                0x00000644       0xc4 ./MCAL/DIO_Module/Src/Dio.o
                0x00000644                DIO_DISABLE_PULLUP
 .text.DIO_READ_LEVEL
                0x00000708       0x5c ./MCAL/DIO_Module/Src/Dio.o
                0x00000708                DIO_READ_LEVEL
 .text.DIO_WRITE_STATUS
                0x00000764       0xde ./MCAL/DIO_Module/Src/Dio.o
                0x00000764                DIO_WRITE_STATUS
 .text.Dio_WriteGroup
                0x00000842       0x4a ./MCAL/DIO_Module/Src/Dio.o
                0x00000842                Dio_WriteGroup
 .text.SSD_Stop
                0x0000088c       0x12 ./HAL/SSD/Src/SSD.o
                0x0000088c                SSD_Stop
 .text.SSD_DisplayNumber
                0x0000089e       0x70 ./HAL/SSD/Src/SSD.o
                0x0000089e                SSD_DisplayNumber
 .text.SSD_Init
                0x0000090e       0x3e ./HAL/SSD/Src/SSD.o
                0x0000090e                SSD_Init
 .text.LED_TOGGLE
                0x0000094c        0xa ./HAL/LED_Module/Src/LED.o
                0x0000094c                LED_TOGGLE
 .text.LED_OFF  0x00000956        0xa ./HAL/LED_Module/Src/LED.o
                0x00000956                LED_OFF
 .text.LED_ON   0x00000960        0xa ./HAL/LED_Module/Src/LED.o
                0x00000960                LED_ON
 .text.LED_Init
                0x0000096a        0xc ./HAL/LED_Module/Src/LED.o
                0x0000096a                LED_Init
 .text.Heater_OFF
                0x00000976        0xe ./HAL/Heater_Module/src/Heater.o
                0x00000976                Heater_OFF
 .text.Heater_ON
                0x00000984        0xa ./HAL/Heater_Module/src/Heater.o
                0x00000984                Heater_ON
 .text.Heater_Init
                0x0000098e        0xc ./HAL/Heater_Module/src/Heater.o
                0x0000098e                Heater_Init
 .text.Cooler_OFF
                0x0000099a        0xe ./HAL/Cooler_Module/src/Cooler.o
                0x0000099a                Cooler_OFF
 .text.Cooler_ON
                0x000009a8        0xe ./HAL/Cooler_Module/src/Cooler.o
                0x000009a8                Cooler_ON
 .text.Cooler_Init
                0x000009b6        0xc ./HAL/Cooler_Module/src/Cooler.o
                0x000009b6                Cooler_Init
 .text.Button_Pullup_Disable
                0x000009c2       0x2c ./HAL/Button_Module/Src/Button.o
                0x000009c2                Button_Pullup_Disable
 .text.Button_Pullup_Enable
                0x000009ee       0x2c ./HAL/Button_Module/Src/Button.o
                0x000009ee                Button_Pullup_Enable
 .text.Button_READ
                0x00000a1a       0x2e ./HAL/Button_Module/Src/Button.o
                0x00000a1a                Button_READ
 .text.Button_Init
                0x00000a48       0x32 ./HAL/Button_Module/Src/Button.o
                0x00000a48                Button_Init
 .text.main     0x00000a7a      0x1a6 ./Apps/main.o
                0x00000a7a                main
 .text.libgcc   0x00000c20       0x18 c:/winavr-20100110/bin/../lib/gcc/avr/4.3.3/avr5\libgcc.a(_udivmodqi4.o)
                0x00000c20                __udivmodqi4
 .text.libgcc   0x00000c38       0x28 c:/winavr-20100110/bin/../lib/gcc/avr/4.3.3/avr5\libgcc.a(_udivmodhi4.o)
                0x00000c38                __udivmodhi4
 .text.libgcc   0x00000c60        0x0 c:/winavr-20100110/bin/../lib/gcc/avr/4.3.3/avr5\libgcc.a(_exit.o)
 .text.libgcc   0x00000c60        0x0 c:/winavr-20100110/bin/../lib/gcc/avr/4.3.3/avr5\libgcc.a(_clear_bss.o)
                0x00000c60                . = ALIGN (0x2)
 *(.fini9)
 .fini9         0x00000c60        0x0 c:/winavr-20100110/bin/../lib/gcc/avr/4.3.3/avr5\libgcc.a(_exit.o)
                0x00000c60                exit
                0x00000c60                _exit
 *(.fini9)
 *(.fini8)
 *(.fini8)
 *(.fini7)
 *(.fini7)
 *(.fini6)
 *(.fini6)
 *(.fini5)
 *(.fini5)
 *(.fini4)
 *(.fini4)
 *(.fini3)
 *(.fini3)
 *(.fini2)
 *(.fini2)
 *(.fini1)
 *(.fini1)
 *(.fini0)
 .fini0         0x00000c60        0x4 c:/winavr-20100110/bin/../lib/gcc/avr/4.3.3/avr5\libgcc.a(_exit.o)
 *(.fini0)
                0x00000c64                _etext = .

.data           0x00800060        0x0 load address 0x00000c64
                0x00800060                PROVIDE (__data_start, .)
 *(.data)
 .data          0x00800060        0x0 c:/winavr-20100110/bin/../lib/gcc/avr/4.3.3/../../../../avr/lib/avr5/crtm32.o
 .data          0x00800060        0x0 ./Services/Update_Temp/src/Update_Temp.o
 .data          0x00800060        0x0 ./Services/Store_Temp/src/Store_Temp.o
 .data          0x00800060        0x0 ./Services/Restore_Temp/src/Restore_Temp.o
 .data          0x00800060        0x0 ./Services/Mode_Handler/src/Mode_Handler.o
 .data          0x00800060        0x0 ./Services/Debounce_Handler/src/Debounce_Handler.o
 .data          0x00800060        0x0 ./MCAL/Timer2/Src/Timer2.o
 .data          0x00800060        0x0 ./MCAL/Timer1/Src/Timer1.o
 .data          0x00800060        0x0 ./MCAL/Timer0/Src/Timer0.o
 .data          0x00800060        0x0 ./MCAL/Global_Inerrupt/Src/Glbl_Int.o
 .data          0x00800060        0x0 ./MCAL/EXTRN_ISR_Module/Src/EXTRN_ISR.o
 .data          0x00800060        0x0 ./MCAL/EEPROM/Src/Eeprom.o
 .data          0x00800060        0x0 ./MCAL/DIO_Module/Src/Dio.o
 .data          0x00800060        0x0 ./HAL/SSD/Src/SSD.o
 .data          0x00800060        0x0 ./HAL/LED_Module/Src/LED.o
 .data          0x00800060        0x0 ./HAL/Heater_Module/src/Heater.o
 .data          0x00800060        0x0 ./HAL/Cooler_Module/src/Cooler.o
 .data          0x00800060        0x0 ./HAL/Button_Module/Src/Button.o
 .data          0x00800060        0x0 ./Apps/main.o
 .data          0x00800060        0x0 c:/winavr-20100110/bin/../lib/gcc/avr/4.3.3/avr5\libgcc.a(_udivmodqi4.o)
 .data          0x00800060        0x0 c:/winavr-20100110/bin/../lib/gcc/avr/4.3.3/avr5\libgcc.a(_udivmodhi4.o)
 .data          0x00800060        0x0 c:/winavr-20100110/bin/../lib/gcc/avr/4.3.3/avr5\libgcc.a(_exit.o)
 .data          0x00800060        0x0 c:/winavr-20100110/bin/../lib/gcc/avr/4.3.3/avr5\libgcc.a(_clear_bss.o)
 *(.data*)
 *(.rodata)
 *(.rodata*)
 *(.gnu.linkonce.d*)
                0x00800060                . = ALIGN (0x2)
                0x00800060                _edata = .
                0x00800060                PROVIDE (__data_end, .)

.bss            0x00800060       0x14
                0x00800060                PROVIDE (__bss_start, .)
 *(.bss)
 .bss           0x00800060        0x0 c:/winavr-20100110/bin/../lib/gcc/avr/4.3.3/../../../../avr/lib/avr5/crtm32.o
 .bss           0x00800060        0x0 ./Services/Update_Temp/src/Update_Temp.o
 .bss           0x00800060        0x0 ./Services/Store_Temp/src/Store_Temp.o
 .bss           0x00800060        0x0 ./Services/Restore_Temp/src/Restore_Temp.o
 .bss           0x00800060        0x0 ./Services/Mode_Handler/src/Mode_Handler.o
 .bss           0x00800060        0x0 ./Services/Debounce_Handler/src/Debounce_Handler.o
 .bss           0x00800060        0x0 ./MCAL/Timer2/Src/Timer2.o
 .bss           0x00800060        0x0 ./MCAL/Timer1/Src/Timer1.o
 .bss           0x00800060        0x0 ./MCAL/Timer0/Src/Timer0.o
 .bss           0x00800060        0x0 ./MCAL/Global_Inerrupt/Src/Glbl_Int.o
 .bss           0x00800060        0x0 ./MCAL/EXTRN_ISR_Module/Src/EXTRN_ISR.o
 .bss           0x00800060        0x0 ./MCAL/EEPROM/Src/Eeprom.o
 .bss           0x00800060        0x0 ./MCAL/DIO_Module/Src/Dio.o
 .bss           0x00800060        0x0 ./HAL/SSD/Src/SSD.o
 .bss           0x00800060        0x0 ./HAL/LED_Module/Src/LED.o
 .bss           0x00800060        0x0 ./HAL/Heater_Module/src/Heater.o
 .bss           0x00800060        0x0 ./HAL/Cooler_Module/src/Cooler.o
 .bss           0x00800060        0x0 ./HAL/Button_Module/Src/Button.o
 .bss           0x00800060        0x0 ./Apps/main.o
 .bss           0x00800060        0x0 c:/winavr-20100110/bin/../lib/gcc/avr/4.3.3/avr5\libgcc.a(_udivmodqi4.o)
 .bss           0x00800060        0x0 c:/winavr-20100110/bin/../lib/gcc/avr/4.3.3/avr5\libgcc.a(_udivmodhi4.o)
 .bss           0x00800060        0x0 c:/winavr-20100110/bin/../lib/gcc/avr/4.3.3/avr5\libgcc.a(_exit.o)
 .bss           0x00800060        0x0 c:/winavr-20100110/bin/../lib/gcc/avr/4.3.3/avr5\libgcc.a(_clear_bss.o)
 *(.bss*)
 .bss.T_Counter
                0x00800060        0x1 ./Services/Update_Temp/src/Update_Temp.o
 .bss.SSD_Counter
                0x00800061        0x1 ./Services/Update_Temp/src/Update_Temp.o
 .bss.Temp_arr  0x00800062        0xa ./Services/Update_Temp/src/Update_Temp.o
 .bss.Counter   0x0080006c        0x1 ./Services/Debounce_Handler/src/Debounce_Handler.o
 .bss.Counter   0x0080006d        0x1 ./HAL/SSD/Src/SSD.o
 *(COMMON)
 COMMON         0x0080006e        0x3 ./Services/Update_Temp/src/Update_Temp.o
                0x0080006e                Blink_Status
                0x0080006f                Curr_Temp
                0x00800070                Update_Temp_En
 COMMON         0x00800071        0x1 ./Services/Store_Temp/src/Store_Temp.o
                0x00800071                Des_Temp
 COMMON         0x00800072        0x1 ./Services/Mode_Handler/src/Mode_Handler.o
                0x00800072                Mode
 COMMON         0x00800073        0x1 ./Services/Debounce_Handler/src/Debounce_Handler.o
                0x00800073                ButtonEnable
                0x00800074                PROVIDE (__bss_end, .)
                0x00000c64                __data_load_start = LOADADDR (.data)
                0x00000c64                __data_load_end = (__data_load_start + SIZEOF (.data))

.noinit         0x00800074        0x0
                0x00800074                PROVIDE (__noinit_start, .)
 *(.noinit*)
                0x00800074                PROVIDE (__noinit_end, .)
                0x00800074                _end = .
                0x00800074                PROVIDE (__heap_start, .)

.eeprom         0x00810000        0x0
 *(.eeprom*)
                0x00810000                __eeprom_end = .

.fuse
 *(.fuse)
 *(.lfuse)
 *(.hfuse)
 *(.efuse)

.lock
 *(.lock*)

.signature
 *(.signature*)

.stab           0x00000000     0x2f58
 *(.stab)
 .stab          0x00000000      0x630 ./Services/Update_Temp/src/Update_Temp.o
 .stab          0x00000630      0x138 ./Services/Store_Temp/src/Store_Temp.o
                                0x1c8 (size before relaxing)
 .stab          0x00000768      0x174 ./Services/Restore_Temp/src/Restore_Temp.o
                                0x204 (size before relaxing)
 .stab          0x000008dc      0x258 ./Services/Mode_Handler/src/Mode_Handler.o
                                0x4a4 (size before relaxing)
 .stab          0x00000b34      0x264 ./Services/Debounce_Handler/src/Debounce_Handler.o
                                0x4b0 (size before relaxing)
 .stab          0x00000d98      0x288 ./MCAL/Timer2/Src/Timer2.o
                                0x348 (size before relaxing)
 .stab          0x00001020      0x2a0 ./MCAL/Timer1/Src/Timer1.o
                                0x360 (size before relaxing)
 .stab          0x000012c0      0x288 ./MCAL/Timer0/Src/Timer0.o
                                0x348 (size before relaxing)
 .stab          0x00001548      0x174 ./MCAL/Global_Inerrupt/Src/Glbl_Int.o
                                0x204 (size before relaxing)
 .stab          0x000016bc       0xd8 ./MCAL/EXTRN_ISR_Module/Src/EXTRN_ISR.o
                                 0xe4 (size before relaxing)
 .stab          0x00001794      0x1d4 ./MCAL/EEPROM/Src/Eeprom.o
                                0x264 (size before relaxing)
 .stab          0x00001968      0x5b8 ./MCAL/DIO_Module/Src/Dio.o
                                0x648 (size before relaxing)
 .stab          0x00001f20      0x270 ./HAL/SSD/Src/SSD.o
                                0x378 (size before relaxing)
 .stab          0x00002190      0x1d4 ./HAL/LED_Module/Src/LED.o
                                0x2dc (size before relaxing)
 .stab          0x00002364      0x1b0 ./HAL/Heater_Module/src/Heater.o
                                0x2b8 (size before relaxing)
 .stab          0x00002514      0x1bc ./HAL/Cooler_Module/src/Cooler.o
                                0x2c4 (size before relaxing)
 .stab          0x000026d0      0x300 ./HAL/Button_Module/Src/Button.o
                                0x408 (size before relaxing)
 .stab          0x000029d0      0x588 ./Apps/main.o
                                0x960 (size before relaxing)

.stabstr        0x00000000     0x1bd3
 *(.stabstr)
 .stabstr       0x00000000     0x1bd3 ./Services/Update_Temp/src/Update_Temp.o

.stab.excl
 *(.stab.excl)

.stab.exclstr
 *(.stab.exclstr)

.stab.index
 *(.stab.index)

.stab.indexstr
 *(.stab.indexstr)

.comment
 *(.comment)

.debug
 *(.debug)

.line
 *(.line)

.debug_srcinfo
 *(.debug_srcinfo)

.debug_sfnames
 *(.debug_sfnames)

.debug_aranges
 *(.debug_aranges)

.debug_pubnames
 *(.debug_pubnames)

.debug_info
 *(.debug_info)
 *(.gnu.linkonce.wi.*)

.debug_abbrev
 *(.debug_abbrev)

.debug_line
 *(.debug_line)

.debug_frame
 *(.debug_frame)

.debug_str
 *(.debug_str)

.debug_loc
 *(.debug_loc)

.debug_macinfo
 *(.debug_macinfo)
OUTPUT(Temp_Controlled_Tank.elf elf32-avr)
LOAD linker stubs
