Archive member included because of file (symbol)

c:/winavr-20100110/bin/../lib/gcc/avr/4.3.3/avr5\libgcc.a(_udivmodqi4.o)
                              ./Services/Update_Temp/src/Update_Temp.o (__udivmodqi4)
c:/winavr-20100110/bin/../lib/gcc/avr/4.3.3/avr5\libgcc.a(_exit.o)
                              c:/winavr-20100110/bin/../lib/gcc/avr/4.3.3/../../../../avr/lib/avr5/crtm32.o (exit)
c:/winavr-20100110/bin/../lib/gcc/avr/4.3.3/avr5\libgcc.a(_copy_data.o)
                              ./Services/Restore_Temp/src/Restore_Temp.o (__do_copy_data)
c:/winavr-20100110/bin/../lib/gcc/avr/4.3.3/avr5\libgcc.a(_clear_bss.o)
                              ./Services/Update_Temp/src/Update_Temp.o (__do_clear_bss)

Allocating common symbols
Common symbol       size              file

Blink_Status        0x1               ./Services/Update_Temp/src/Update_Temp.o
Des_Temp            0x1               ./Services/Restore_Temp/src/Restore_Temp.o
Curr_Temp           0x1               ./Services/Update_Temp/src/Update_Temp.o
ButtonEnable        0x1               ./Services/Debounce_Handler/src/Debounce_Handler.o
Mode                0x1               ./Services/Mode_Handler/src/Mode_Handler.o
Update_Temp_En      0x1               ./Services/Update_Temp/src/Update_Temp.o

Memory Configuration

Name             Origin             Length             Attributes
text             0x00000000         0x00020000         xr
data             0x00800060         0x0000ffa0         rw !x
eeprom           0x00810000         0x00010000         rw !x
fuse             0x00820000         0x00000400         rw !x
lock             0x00830000         0x00000400         rw !x
signature        0x00840000         0x00000400         rw !x
*default*        0x00000000         0xffffffff

Linker script and memory map

LOAD c:/winavr-20100110/bin/../lib/gcc/avr/4.3.3/../../../../avr/lib/avr5/crtm32.o
LOAD ./Services/Update_Temp/src/Update_Temp.o
LOAD ./Services/Store_Temp/src/Store_Temp.o
LOAD ./Services/Restore_Temp/src/Restore_Temp.o
LOAD ./Services/Mode_Handler/src/Mode_Handler.o
LOAD ./Services/Debounce_Handler/src/Debounce_Handler.o
LOAD ./MCAL/Timer2/Src/Timer2.o
LOAD ./MCAL/Timer1/Src/Timer1.o
LOAD ./MCAL/Timer0/Src/Timer0.o
LOAD ./MCAL/Global_Inerrupt/Src/Glbl_Int.o
LOAD ./MCAL/EXTRN_ISR_Module/Src/EXTRN_ISR.o
LOAD ./MCAL/DIO_Module/Src/Dio.o
LOAD ./HAL/SSD/Src/SSD.o
LOAD ./HAL/LED_Module/Src/LED.o
LOAD ./HAL/Heater_Module/src/Heater.o
LOAD ./HAL/Cooler_Module/src/Cooler.o
LOAD ./HAL/Button_Module/Src/Button.o
LOAD ./Apps/main.o
LOAD c:/winavr-20100110/bin/../lib/gcc/avr/4.3.3/avr5\libgcc.a
LOAD c:/winavr-20100110/bin/../lib/gcc/avr/4.3.3/../../../../avr/lib/avr5\libc.a
LOAD c:/winavr-20100110/bin/../lib/gcc/avr/4.3.3/avr5\libgcc.a

.hash
 *(.hash)

.dynsym
 *(.dynsym)

.dynstr
 *(.dynstr)

.gnu.version
 *(.gnu.version)

.gnu.version_d
 *(.gnu.version_d)

.gnu.version_r
 *(.gnu.version_r)

.rel.init
 *(.rel.init)

.rela.init
 *(.rela.init)

.rel.text
 *(.rel.text)
 *(.rel.text.*)
 *(.rel.gnu.linkonce.t*)

.rela.text
 *(.rela.text)
 *(.rela.text.*)
 *(.rela.gnu.linkonce.t*)

.rel.fini
 *(.rel.fini)

.rela.fini
 *(.rela.fini)

.rel.rodata
 *(.rel.rodata)
 *(.rel.rodata.*)
 *(.rel.gnu.linkonce.r*)

.rela.rodata
 *(.rela.rodata)
 *(.rela.rodata.*)
 *(.rela.gnu.linkonce.r*)

.rel.data
 *(.rel.data)
 *(.rel.data.*)
 *(.rel.gnu.linkonce.d*)

.rela.data
 *(.rela.data)
 *(.rela.data.*)
 *(.rela.gnu.linkonce.d*)

.rel.ctors
 *(.rel.ctors)

.rela.ctors
 *(.rela.ctors)

.rel.dtors
 *(.rel.dtors)

.rela.dtors
 *(.rela.dtors)

.rel.got
 *(.rel.got)

.rela.got
 *(.rela.got)

.rel.bss
 *(.rel.bss)

.rela.bss
 *(.rela.bss)

.rel.plt
 *(.rel.plt)

.rela.plt
 *(.rela.plt)

.text           0x00000000     0x1732
 *(.vectors)
 .vectors       0x00000000       0x54 c:/winavr-20100110/bin/../lib/gcc/avr/4.3.3/../../../../avr/lib/avr5/crtm32.o
                0x00000000                __vectors
                0x00000000                __vector_default
 *(.vectors)
 *(.progmem.gcc*)
 *(.progmem*)
                0x00000054                . = ALIGN (0x2)
                0x00000054                __trampolines_start = .
 *(.trampolines)
 .trampolines   0x00000054        0x0 linker stubs
 *(.trampolines*)
                0x00000054                __trampolines_end = .
 *(.jumptables)
 *(.jumptables*)
 *(.lowtext)
 *(.lowtext*)
                0x00000054                __ctors_start = .
 *(.ctors)
                0x00000054                __ctors_end = .
                0x00000054                __dtors_start = .
 *(.dtors)
                0x00000054                __dtors_end = .
 SORT(*)(.ctors)
 SORT(*)(.dtors)
 *(.init0)
 .init0         0x00000054        0x0 c:/winavr-20100110/bin/../lib/gcc/avr/4.3.3/../../../../avr/lib/avr5/crtm32.o
                0x00000054                __init
 *(.init0)
 *(.init1)
 *(.init1)
 *(.init2)
 .init2         0x00000054        0xc c:/winavr-20100110/bin/../lib/gcc/avr/4.3.3/../../../../avr/lib/avr5/crtm32.o
 *(.init2)
 *(.init3)
 *(.init3)
 *(.init4)
 .init4         0x00000060       0x16 c:/winavr-20100110/bin/../lib/gcc/avr/4.3.3/avr5\libgcc.a(_copy_data.o)
                0x00000060                __do_copy_data
 .init4         0x00000076       0x10 c:/winavr-20100110/bin/../lib/gcc/avr/4.3.3/avr5\libgcc.a(_clear_bss.o)
                0x00000076                __do_clear_bss
 *(.init4)
 *(.init5)
 *(.init5)
 *(.init6)
 *(.init6)
 *(.init7)
 *(.init7)
 *(.init8)
 *(.init8)
 *(.init9)
 .init9         0x00000086        0x8 c:/winavr-20100110/bin/../lib/gcc/avr/4.3.3/../../../../avr/lib/avr5/crtm32.o
 *(.init9)
 *(.text)
 .text          0x0000008e        0x4 c:/winavr-20100110/bin/../lib/gcc/avr/4.3.3/../../../../avr/lib/avr5/crtm32.o
                0x0000008e                __vector_1
                0x0000008e                __vector_12
                0x0000008e                __bad_interrupt
                0x0000008e                __vector_6
                0x0000008e                __vector_3
                0x0000008e                __vector_13
                0x0000008e                __vector_17
                0x0000008e                __vector_19
                0x0000008e                __vector_7
                0x0000008e                __vector_4
                0x0000008e                __vector_2
                0x0000008e                __vector_15
                0x0000008e                __vector_8
                0x0000008e                __vector_14
                0x0000008e                __vector_10
                0x0000008e                __vector_16
                0x0000008e                __vector_18
                0x0000008e                __vector_20
 .text          0x00000092        0x0 ./Services/Update_Temp/src/Update_Temp.o
 .text          0x00000092        0x0 ./Services/Store_Temp/src/Store_Temp.o
 .text          0x00000092        0x0 ./Services/Restore_Temp/src/Restore_Temp.o
 .text          0x00000092        0x0 ./Services/Mode_Handler/src/Mode_Handler.o
 .text          0x00000092        0x0 ./Services/Debounce_Handler/src/Debounce_Handler.o
 .text          0x00000092        0x0 ./MCAL/Timer2/Src/Timer2.o
 .text          0x00000092        0x0 ./MCAL/Timer1/Src/Timer1.o
 .text          0x00000092        0x0 ./MCAL/Timer0/Src/Timer0.o
 .text          0x00000092        0x0 ./MCAL/Global_Inerrupt/Src/Glbl_Int.o
 .text          0x00000092        0x0 ./MCAL/EXTRN_ISR_Module/Src/EXTRN_ISR.o
 .text          0x00000092        0x0 ./MCAL/DIO_Module/Src/Dio.o
 .text          0x00000092        0x0 ./HAL/SSD/Src/SSD.o
 .text          0x00000092        0x0 ./HAL/LED_Module/Src/LED.o
 .text          0x00000092        0x0 ./HAL/Heater_Module/src/Heater.o
 .text          0x00000092        0x0 ./HAL/Cooler_Module/src/Cooler.o
 .text          0x00000092        0x0 ./HAL/Button_Module/Src/Button.o
 .text          0x00000092        0x0 ./Apps/main.o
 .text          0x00000092        0x0 c:/winavr-20100110/bin/../lib/gcc/avr/4.3.3/avr5\libgcc.a(_udivmodqi4.o)
 .text          0x00000092        0x0 c:/winavr-20100110/bin/../lib/gcc/avr/4.3.3/avr5\libgcc.a(_exit.o)
 .text          0x00000092        0x0 c:/winavr-20100110/bin/../lib/gcc/avr/4.3.3/avr5\libgcc.a(_copy_data.o)
 .text          0x00000092        0x0 c:/winavr-20100110/bin/../lib/gcc/avr/4.3.3/avr5\libgcc.a(_clear_bss.o)
                0x00000092                . = ALIGN (0x2)
 *(.text.*)
 .text.__vector_5
                0x00000092       0x2a ./Services/Update_Temp/src/Update_Temp.o
                0x00000092                __vector_5
 .text.Calc_Average
                0x000000bc       0x54 ./Services/Update_Temp/src/Update_Temp.o
 .text.Update_Temp
                0x00000110       0xba ./Services/Update_Temp/src/Update_Temp.o
                0x00000110                Update_Temp
 .text.Store_Temp
                0x000001ca        0xe ./Services/Store_Temp/src/Store_Temp.o
                0x000001ca                Store_Temp
 .text.Restore_Temp
                0x000001d8       0x34 ./Services/Restore_Temp/src/Restore_Temp.o
                0x000001d8                Restore_Temp
 .text.__vector_9
                0x0000020c       0x5c ./Services/Mode_Handler/src/Mode_Handler.o
                0x0000020c                __vector_9
 .text.Mode_Handler
                0x00000268       0x18 ./Services/Mode_Handler/src/Mode_Handler.o
                0x00000268                Mode_Handler
 .text.__vector_11
                0x00000280       0x7c ./Services/Debounce_Handler/src/Debounce_Handler.o
                0x00000280                __vector_11
 .text.Debounce_Handler
                0x000002fc       0x1c ./Services/Debounce_Handler/src/Debounce_Handler.o
                0x000002fc                Debounce_Handler
 .text.Timer2_Init
                0x00000318       0x2a ./MCAL/Timer2/Src/Timer2.o
                0x00000318                Timer2_Init
 .text.Timer2_Start
                0x00000342      0x10a ./MCAL/Timer2/Src/Timer2.o
                0x00000342                Timer2_Start
 .text.Timer2_Stop
                0x0000044c       0x1a ./MCAL/Timer2/Src/Timer2.o
                0x0000044c                Timer2_Stop
 .text.Timer2_EnableInterrupt
                0x00000466       0x2a ./MCAL/Timer2/Src/Timer2.o
                0x00000466                Timer2_EnableInterrupt
 .text.Timer2_DisableInterrupt
                0x00000490       0x1c ./MCAL/Timer2/Src/Timer2.o
                0x00000490                Timer2_DisableInterrupt
 .text.Timer1_Init
                0x000004ac       0x46 ./MCAL/Timer1/Src/Timer1.o
                0x000004ac                Timer1_Init
 .text.Timer1_Start
                0x000004f2      0x116 ./MCAL/Timer1/Src/Timer1.o
                0x000004f2                Timer1_Start
 .text.Timer1_Stop
                0x00000608       0x1a ./MCAL/Timer1/Src/Timer1.o
                0x00000608                Timer1_Stop
 .text.Timer1_EnableInterrupt
                0x00000622       0x2a ./MCAL/Timer1/Src/Timer1.o
                0x00000622                Timer1_EnableInterrupt
 .text.Timer1_DisableInterrupt
                0x0000064c       0x1c ./MCAL/Timer1/Src/Timer1.o
                0x0000064c                Timer1_DisableInterrupt
 .text.Timer0_Init
                0x00000668       0x2a ./MCAL/Timer0/Src/Timer0.o
                0x00000668                Timer0_Init
 .text.Timer0_Start
                0x00000692      0x10a ./MCAL/Timer0/Src/Timer0.o
                0x00000692                Timer0_Start
 .text.Timer0_Stop
                0x0000079c       0x1a ./MCAL/Timer0/Src/Timer0.o
                0x0000079c                Timer0_Stop
 .text.Timer0_EnableInterrupt
                0x000007b6       0x2a ./MCAL/Timer0/Src/Timer0.o
                0x000007b6                Timer0_EnableInterrupt
 .text.Timer0_DisableInterrupt
                0x000007e0       0x1c ./MCAL/Timer0/Src/Timer0.o
                0x000007e0                Timer0_DisableInterrupt
 .text.Enable_Gl_Int
                0x000007fc       0x1c ./MCAL/Global_Inerrupt/Src/Glbl_Int.o
                0x000007fc                Enable_Gl_Int
 .text.Disable_Gl_Int
                0x00000818       0x1c ./MCAL/Global_Inerrupt/Src/Glbl_Int.o
                0x00000818                Disable_Gl_Int
 .text.DIO_SET_PIN
                0x00000834       0xfa ./MCAL/DIO_Module/Src/Dio.o
                0x00000834                DIO_SET_PIN
 .text.DIO_CLEAR_PIN
                0x0000092e      0x104 ./MCAL/DIO_Module/Src/Dio.o
                0x0000092e                DIO_CLEAR_PIN
 .text.DIO_TOGGLE_PIN
                0x00000a32       0xfa ./MCAL/DIO_Module/Src/Dio.o
                0x00000a32                DIO_TOGGLE_PIN
 .text.DIO_ENABLE_PULLUP
                0x00000b2c      0x19e ./MCAL/DIO_Module/Src/Dio.o
                0x00000b2c                DIO_ENABLE_PULLUP
 .text.DIO_DISABLE_PULLUP
                0x00000cca      0x1a6 ./MCAL/DIO_Module/Src/Dio.o
                0x00000cca                DIO_DISABLE_PULLUP
 .text.DIO_READ_LEVEL
                0x00000e70       0xfe ./MCAL/DIO_Module/Src/Dio.o
                0x00000e70                DIO_READ_LEVEL
 .text.DIO_WRITE_STATUS
                0x00000f6e      0x1c6 ./MCAL/DIO_Module/Src/Dio.o
                0x00000f6e                DIO_WRITE_STATUS
 .text.Dio_WriteGroup
                0x00001134       0xe0 ./MCAL/DIO_Module/Src/Dio.o
                0x00001134                Dio_WriteGroup
 .text.SSD_Init
                0x00001214       0x4a ./HAL/SSD/Src/SSD.o
                0x00001214                SSD_Init
 .text.SSD_DisplayNumber
                0x0000125e       0x90 ./HAL/SSD/Src/SSD.o
                0x0000125e                SSD_DisplayNumber
 .text.SSD_Stop
                0x000012ee       0x1e ./HAL/SSD/Src/SSD.o
                0x000012ee                SSD_Stop
 .text.LED_Init
                0x0000130c       0x18 ./HAL/LED_Module/Src/LED.o
                0x0000130c                LED_Init
 .text.LED_ON   0x00001324       0x16 ./HAL/LED_Module/Src/LED.o
                0x00001324                LED_ON
 .text.LED_OFF  0x0000133a       0x16 ./HAL/LED_Module/Src/LED.o
                0x0000133a                LED_OFF
 .text.LED_TOGGLE
                0x00001350       0x16 ./HAL/LED_Module/Src/LED.o
                0x00001350                LED_TOGGLE
 .text.Heater_Init
                0x00001366       0x18 ./HAL/Heater_Module/src/Heater.o
                0x00001366                Heater_Init
 .text.Heater_ON
                0x0000137e       0x16 ./HAL/Heater_Module/src/Heater.o
                0x0000137e                Heater_ON
 .text.Heater_OFF
                0x00001394       0x1a ./HAL/Heater_Module/src/Heater.o
                0x00001394                Heater_OFF
 .text.Cooler_Init
                0x000013ae       0x18 ./HAL/Cooler_Module/src/Cooler.o
                0x000013ae                Cooler_Init
 .text.Cooler_ON
                0x000013c6       0x1a ./HAL/Cooler_Module/src/Cooler.o
                0x000013c6                Cooler_ON
 .text.Cooler_OFF
                0x000013e0       0x1a ./HAL/Cooler_Module/src/Cooler.o
                0x000013e0                Cooler_OFF
 .text.Button_Init
                0x000013fa       0x62 ./HAL/Button_Module/Src/Button.o
                0x000013fa                Button_Init
 .text.Button_READ
                0x0000145c       0x66 ./HAL/Button_Module/Src/Button.o
                0x0000145c                Button_READ
 .text.Button_Pullup_Enable
                0x000014c2       0x5c ./HAL/Button_Module/Src/Button.o
                0x000014c2                Button_Pullup_Enable
 .text.Button_Pullup_Disable
                0x0000151e       0x5c ./HAL/Button_Module/Src/Button.o
                0x0000151e                Button_Pullup_Disable
 .text.main     0x0000157a      0x19c ./Apps/main.o
                0x0000157a                main
 .text.libgcc   0x00001716       0x18 c:/winavr-20100110/bin/../lib/gcc/avr/4.3.3/avr5\libgcc.a(_udivmodqi4.o)
                0x00001716                __udivmodqi4
 .text.libgcc   0x0000172e        0x0 c:/winavr-20100110/bin/../lib/gcc/avr/4.3.3/avr5\libgcc.a(_exit.o)
 .text.libgcc   0x0000172e        0x0 c:/winavr-20100110/bin/../lib/gcc/avr/4.3.3/avr5\libgcc.a(_copy_data.o)
 .text.libgcc   0x0000172e        0x0 c:/winavr-20100110/bin/../lib/gcc/avr/4.3.3/avr5\libgcc.a(_clear_bss.o)
                0x0000172e                . = ALIGN (0x2)
 *(.fini9)
 .fini9         0x0000172e        0x0 c:/winavr-20100110/bin/../lib/gcc/avr/4.3.3/avr5\libgcc.a(_exit.o)
                0x0000172e                exit
                0x0000172e                _exit
 *(.fini9)
 *(.fini8)
 *(.fini8)
 *(.fini7)
 *(.fini7)
 *(.fini6)
 *(.fini6)
 *(.fini5)
 *(.fini5)
 *(.fini4)
 *(.fini4)
 *(.fini3)
 *(.fini3)
 *(.fini2)
 *(.fini2)
 *(.fini1)
 *(.fini1)
 *(.fini0)
 .fini0         0x0000172e        0x4 c:/winavr-20100110/bin/../lib/gcc/avr/4.3.3/avr5\libgcc.a(_exit.o)
 *(.fini0)
                0x00001732                _etext = .

.data           0x00800060        0x2 load address 0x00001732
                0x00800060                PROVIDE (__data_start, .)
 *(.data)
 .data          0x00800060        0x0 c:/winavr-20100110/bin/../lib/gcc/avr/4.3.3/../../../../avr/lib/avr5/crtm32.o
 .data          0x00800060        0x0 ./Services/Update_Temp/src/Update_Temp.o
 .data          0x00800060        0x0 ./Services/Store_Temp/src/Store_Temp.o
 .data          0x00800060        0x0 ./Services/Restore_Temp/src/Restore_Temp.o
 .data          0x00800060        0x0 ./Services/Mode_Handler/src/Mode_Handler.o
 .data          0x00800060        0x0 ./Services/Debounce_Handler/src/Debounce_Handler.o
 .data          0x00800060        0x0 ./MCAL/Timer2/Src/Timer2.o
 .data          0x00800060        0x0 ./MCAL/Timer1/Src/Timer1.o
 .data          0x00800060        0x0 ./MCAL/Timer0/Src/Timer0.o
 .data          0x00800060        0x0 ./MCAL/Global_Inerrupt/Src/Glbl_Int.o
 .data          0x00800060        0x0 ./MCAL/EXTRN_ISR_Module/Src/EXTRN_ISR.o
 .data          0x00800060        0x0 ./MCAL/DIO_Module/Src/Dio.o
 .data          0x00800060        0x0 ./HAL/SSD/Src/SSD.o
 .data          0x00800060        0x0 ./HAL/LED_Module/Src/LED.o
 .data          0x00800060        0x0 ./HAL/Heater_Module/src/Heater.o
 .data          0x00800060        0x0 ./HAL/Cooler_Module/src/Cooler.o
 .data          0x00800060        0x0 ./HAL/Button_Module/Src/Button.o
 .data          0x00800060        0x0 ./Apps/main.o
 .data          0x00800060        0x0 c:/winavr-20100110/bin/../lib/gcc/avr/4.3.3/avr5\libgcc.a(_udivmodqi4.o)
 .data          0x00800060        0x0 c:/winavr-20100110/bin/../lib/gcc/avr/4.3.3/avr5\libgcc.a(_exit.o)
 .data          0x00800060        0x0 c:/winavr-20100110/bin/../lib/gcc/avr/4.3.3/avr5\libgcc.a(_copy_data.o)
 .data          0x00800060        0x0 c:/winavr-20100110/bin/../lib/gcc/avr/4.3.3/avr5\libgcc.a(_clear_bss.o)
 *(.data*)
 .data.CHK      0x00800060        0x1 ./Services/Restore_Temp/src/Restore_Temp.o
 *(.rodata)
 *(.rodata*)
 *(.gnu.linkonce.d*)
                0x00800062                . = ALIGN (0x2)
 *fill*         0x00800061        0x1 00
                0x00800062                _edata = .
                0x00800062                PROVIDE (__data_end, .)

.bss            0x00800062        0xe
                0x00800062                PROVIDE (__bss_start, .)
 *(.bss)
 .bss           0x00800062        0x0 c:/winavr-20100110/bin/../lib/gcc/avr/4.3.3/../../../../avr/lib/avr5/crtm32.o
 .bss           0x00800062        0x0 ./Services/Update_Temp/src/Update_Temp.o
 .bss           0x00800062        0x0 ./Services/Store_Temp/src/Store_Temp.o
 .bss           0x00800062        0x0 ./Services/Restore_Temp/src/Restore_Temp.o
 .bss           0x00800062        0x0 ./Services/Mode_Handler/src/Mode_Handler.o
 .bss           0x00800062        0x0 ./Services/Debounce_Handler/src/Debounce_Handler.o
 .bss           0x00800062        0x0 ./MCAL/Timer2/Src/Timer2.o
 .bss           0x00800062        0x0 ./MCAL/Timer1/Src/Timer1.o
 .bss           0x00800062        0x0 ./MCAL/Timer0/Src/Timer0.o
 .bss           0x00800062        0x0 ./MCAL/Global_Inerrupt/Src/Glbl_Int.o
 .bss           0x00800062        0x0 ./MCAL/EXTRN_ISR_Module/Src/EXTRN_ISR.o
 .bss           0x00800062        0x0 ./MCAL/DIO_Module/Src/Dio.o
 .bss           0x00800062        0x0 ./HAL/SSD/Src/SSD.o
 .bss           0x00800062        0x0 ./HAL/LED_Module/Src/LED.o
 .bss           0x00800062        0x0 ./HAL/Heater_Module/src/Heater.o
 .bss           0x00800062        0x0 ./HAL/Cooler_Module/src/Cooler.o
 .bss           0x00800062        0x0 ./HAL/Button_Module/Src/Button.o
 .bss           0x00800062        0x0 ./Apps/main.o
 .bss           0x00800062        0x0 c:/winavr-20100110/bin/../lib/gcc/avr/4.3.3/avr5\libgcc.a(_udivmodqi4.o)
 .bss           0x00800062        0x0 c:/winavr-20100110/bin/../lib/gcc/avr/4.3.3/avr5\libgcc.a(_exit.o)
 .bss           0x00800062        0x0 c:/winavr-20100110/bin/../lib/gcc/avr/4.3.3/avr5\libgcc.a(_copy_data.o)
 .bss           0x00800062        0x0 c:/winavr-20100110/bin/../lib/gcc/avr/4.3.3/avr5\libgcc.a(_clear_bss.o)
 *(.bss*)
 .bss.Counter   0x00800062        0x1 ./Services/Update_Temp/src/Update_Temp.o
 .bss.Temp_arr  0x00800063        0x5 ./Services/Update_Temp/src/Update_Temp.o
 .bss.Counter   0x00800068        0x1 ./Services/Debounce_Handler/src/Debounce_Handler.o
 .bss.Counter   0x00800069        0x1 ./HAL/SSD/Src/SSD.o
 *(COMMON)
 COMMON         0x0080006a        0x3 ./Services/Update_Temp/src/Update_Temp.o
                0x0080006a                Blink_Status
                0x0080006b                Curr_Temp
                0x0080006c                Update_Temp_En
 COMMON         0x0080006d        0x1 ./Services/Restore_Temp/src/Restore_Temp.o
                0x0080006d                Des_Temp
 COMMON         0x0080006e        0x1 ./Services/Mode_Handler/src/Mode_Handler.o
                0x0080006e                Mode
 COMMON         0x0080006f        0x1 ./Services/Debounce_Handler/src/Debounce_Handler.o
                0x0080006f                ButtonEnable
                0x00800070                PROVIDE (__bss_end, .)
                0x00001732                __data_load_start = LOADADDR (.data)
                0x00001734                __data_load_end = (__data_load_start + SIZEOF (.data))

.noinit         0x00800070        0x0
                0x00800070                PROVIDE (__noinit_start, .)
 *(.noinit*)
                0x00800070                PROVIDE (__noinit_end, .)
                0x00800070                _end = .
                0x00800070                PROVIDE (__heap_start, .)

.eeprom         0x00810000        0x0
 *(.eeprom*)
                0x00810000                __eeprom_end = .

.fuse
 *(.fuse)
 *(.lfuse)
 *(.hfuse)
 *(.efuse)

.lock
 *(.lock*)

.signature
 *(.signature*)

.stab           0x00000000     0x2e50
 *(.stab)
 .stab          0x00000000      0x630 ./Services/Update_Temp/src/Update_Temp.o
 .stab          0x00000630      0x120 ./Services/Store_Temp/src/Store_Temp.o
                                0x1b0 (size before relaxing)
 .stab          0x00000750      0x1a4 ./Services/Restore_Temp/src/Restore_Temp.o
                                0x234 (size before relaxing)
 .stab          0x000008f4      0x24c ./Services/Mode_Handler/src/Mode_Handler.o
                                0x498 (size before relaxing)
 .stab          0x00000b40      0x264 ./Services/Debounce_Handler/src/Debounce_Handler.o
                                0x4b0 (size before relaxing)
 .stab          0x00000da4      0x294 ./MCAL/Timer2/Src/Timer2.o
                                0x354 (size before relaxing)
 .stab          0x00001038      0x2b8 ./MCAL/Timer1/Src/Timer1.o
                                0x378 (size before relaxing)
 .stab          0x000012f0      0x294 ./MCAL/Timer0/Src/Timer0.o
                                0x354 (size before relaxing)
 .stab          0x00001584      0x174 ./MCAL/Global_Inerrupt/Src/Glbl_Int.o
                                0x204 (size before relaxing)
 .stab          0x000016f8       0xd8 ./MCAL/EXTRN_ISR_Module/Src/EXTRN_ISR.o
                                 0xe4 (size before relaxing)
 .stab          0x000017d0      0x618 ./MCAL/DIO_Module/Src/Dio.o
                                0x6a8 (size before relaxing)
 .stab          0x00001de8      0x2b8 ./HAL/SSD/Src/SSD.o
                                0x3c0 (size before relaxing)
 .stab          0x000020a0      0x1d4 ./HAL/LED_Module/Src/LED.o
                                0x2dc (size before relaxing)
 .stab          0x00002274      0x1b0 ./HAL/Heater_Module/src/Heater.o
                                0x2b8 (size before relaxing)
 .stab          0x00002424      0x1bc ./HAL/Cooler_Module/src/Cooler.o
                                0x2c4 (size before relaxing)
 .stab          0x000025e0      0x30c ./HAL/Button_Module/Src/Button.o
                                0x414 (size before relaxing)
 .stab          0x000028ec      0x564 ./Apps/main.o
                                0x93c (size before relaxing)

.stabstr        0x00000000     0x1b91
 *(.stabstr)
 .stabstr       0x00000000     0x1b91 ./Services/Update_Temp/src/Update_Temp.o

.stab.excl
 *(.stab.excl)

.stab.exclstr
 *(.stab.exclstr)

.stab.index
 *(.stab.index)

.stab.indexstr
 *(.stab.indexstr)

.comment
 *(.comment)

.debug
 *(.debug)

.line
 *(.line)

.debug_srcinfo
 *(.debug_srcinfo)

.debug_sfnames
 *(.debug_sfnames)

.debug_aranges
 *(.debug_aranges)

.debug_pubnames
 *(.debug_pubnames)

.debug_info
 *(.debug_info)
 *(.gnu.linkonce.wi.*)

.debug_abbrev
 *(.debug_abbrev)

.debug_line
 *(.debug_line)

.debug_frame
 *(.debug_frame)

.debug_str
 *(.debug_str)

.debug_loc
 *(.debug_loc)

.debug_macinfo
 *(.debug_macinfo)
OUTPUT(Temp_Controlled_Tank.elf elf32-avr)
LOAD linker stubs
